// Vitest Snapshot v1, https://vitest.dev/guide/snapshot.html

exports[`Inbound > Email 1`] = `
{
  "from": "random@example.com",
  "raw": "Hello this is an email",
  "to": "test",
}
`;

exports[`Inbound > SMS 1`] = `
{
  "from": "0987654321",
  "raw": "Hello this is a SMS message",
  "to": "1234567890",
}
`;
